747970653D4441454D4F4E5F5354415254206D73673D617564697428313731303131313530382E3736313A33333235293A206F703D7374617274207665723D332E302E3720666F726D61743D656E726963686564206B65726E656C3D362E352E302D313031352D617A75726520617569643D34323934393637323935207069643D32373239207569643D30207365733D34323934393637323935207375626A3D756E636F6E66696E656420207265733D737563636573731D415549443D22756E73657422205549443D22726F6F74220A747970653D434F4E4649475F4348414E4745206D73673D617564697428313731303131313530382E3737353A3338293A206F703D7365742061756469745F6261636B6C6F675F6C696D69743D38313932206F6C643D363420617569643D34323934393637323935207365733D34323934393637323935207375626A3D756E636F6E66696E6564207265733D311D415549443D22756E736574220A747970653D53595343414C4C206D73673D617564697428313731303131313530382E3737353A3338293A20617263683D63303030303033652073797363616C6C3D343420737563636573733D79657320657869743D36302061303D332061313D3766666636316532373036302061323D33632061333D30206974656D733D3020707069643D32373332207069643D3237343220617569643D34323934393637323935207569643D30206769643D3020657569643D3020737569643D302066737569643D3020656769643D3020736769643D302066736769643D30207474793D286E6F6E6529207365733D3432393439363732393520636F6D6D3D22617564697463746C22206578653D222F7573722F7362696E2F617564697463746C22207375626A3D756E636F6E66696E6564206B65793D286E756C6C291D415243483D7838365F36342053595343414C4C3D73656E64746F20415549443D22756E73657422205549443D22726F6F7422204749443D22726F6F742220455549443D22726F6F742220535549443D22726F6F74222046535549443D22726F6F742220454749443D22726F6F742220534749443D22726F6F74222046534749443D22726F6F74220A747970653D50524F435449544C45206D73673D617564697428313731303131313530382E3737353A3338293A2070726F637469746C653D32463733363236393645324636313735363436393734363337343643303032443532303032463635373436333246363137353634363937343246363137353634363937343245373237353643363537330A747970653D434F4E4649475F4348414E4745206D73673D617564697428313731303131313530382E3737353A3339293A206F703D7365742061756469745F6661696C7572653D31206F6C643D3120617569643D34323934393637323935207365733D34323934393637323935207375626A3D756E636F6E66696E6564207265733D311D415549443D22756E736574220A747970653D53595343414C4C206D73673D617564697428313731303131313530382E3737353A3339293A20617263683D63303030303033652073797363616C6C3D343420737563636573733D79657320657869743D36302061303D332061313D3766666636316532373036302061323D33632061333D30206974656D733D3020707069643D32373332207069643D3237343220617569643D34323934393637323935207569643D30206769643D3020657569643D3020737569643D302066737569643D3020656769643D3020736769643D302066736769643D30207474793D286E6F6E6529207365733D3432393439363732393520636F6D6D3D22617564697463746C22206578653D222F7573722F7362696E2F617564697463746C22207375626A3D756E636F6E66696E6564206B65793D286E756C6C291D415243483D7838365F36342053595343414C4C3D73656E64746F20415549443D22756E73657422205549443D22726F6F7422204749443D22726F6F742220455549443D22726F6F742220535549443D22726F6F74222046535549443D22726F6F742220454749443D22726F6F742220534749443D22726F6F74222046534749443D22726F6F74220A747970653D50524F435449544C45206D73673D617564697428313731303131313530382E3737353A3339293A2070726F637469746C653D32463733363236393645324636313735363436393734363337343643303032443532303032463635373436333246363137353634363937343246363137353634363937343245373237353643363537330A747970653D434F4E4649475F4348414E4745206D73673D617564697428313731303131313530382E3737353A3430293A206F703D7365742061756469745F6261636B6C6F675F776169745F74696D653D3630303030206F6C643D313530303020617569643D34323934393637323935207365733D34323934393637323935207375626A3D756E636F6E66696E6564207265733D311D415549443D22756E736574220A747970653D53595343414C4C206D73673D617564697428313731303131313530382E3737353A3430293A20617263683D63303030303033652073797363616C6C3D343420737563636573733D79657320657869743D36302061303D332061313D3766666636316532373036302061323D33632061333D30206974656D733D3020707069643D32373332207069643D323
